Archive member included to satisfy reference by file (symbol)

/usr/lib/gcc/arm-none-eabi/14.2.0/../../../../arm-none-eabi/lib/libc.a(libc_a-atexit.o)
                              /usr/lib/gcc/arm-none-eabi/14.2.0/../../../../arm-none-eabi/lib/crt0.o (atexit)
/usr/lib/gcc/arm-none-eabi/14.2.0/../../../../arm-none-eabi/lib/libc.a(libc_a-exit.o)
                              /usr/lib/gcc/arm-none-eabi/14.2.0/../../../../arm-none-eabi/lib/crt0.o (exit)
/usr/lib/gcc/arm-none-eabi/14.2.0/../../../../arm-none-eabi/lib/libc.a(libc_a-findfp.o)
                              /usr/lib/gcc/arm-none-eabi/14.2.0/../../../../arm-none-eabi/lib/libc.a(libc_a-exit.o) (__stdio_exit_handler)
/usr/lib/gcc/arm-none-eabi/14.2.0/../../../../arm-none-eabi/lib/libc.a(libc_a-fwalk.o)
                              /usr/lib/gcc/arm-none-eabi/14.2.0/../../../../arm-none-eabi/lib/libc.a(libc_a-findfp.o) (_fwalk_sglue)
/usr/lib/gcc/arm-none-eabi/14.2.0/../../../../arm-none-eabi/lib/libc.a(libc_a-stdio.o)
                              /usr/lib/gcc/arm-none-eabi/14.2.0/../../../../arm-none-eabi/lib/libc.a(libc_a-findfp.o) (__sread)
/usr/lib/gcc/arm-none-eabi/14.2.0/../../../../arm-none-eabi/lib/libc.a(libc_a-memset.o)
                              /usr/lib/gcc/arm-none-eabi/14.2.0/../../../../arm-none-eabi/lib/crt0.o (memset)
/usr/lib/gcc/arm-none-eabi/14.2.0/../../../../arm-none-eabi/lib/libc.a(libc_a-closer.o)
                              /usr/lib/gcc/arm-none-eabi/14.2.0/../../../../arm-none-eabi/lib/libc.a(libc_a-stdio.o) (_close_r)
/usr/lib/gcc/arm-none-eabi/14.2.0/../../../../arm-none-eabi/lib/libc.a(libc_a-reent.o)
                              /usr/lib/gcc/arm-none-eabi/14.2.0/../../../../arm-none-eabi/lib/libc.a(libc_a-closer.o) (errno)
/usr/lib/gcc/arm-none-eabi/14.2.0/../../../../arm-none-eabi/lib/libc.a(libc_a-impure.o)
                              /usr/lib/gcc/arm-none-eabi/14.2.0/../../../../arm-none-eabi/lib/libc.a(libc_a-reent.o) (_impure_ptr)
/usr/lib/gcc/arm-none-eabi/14.2.0/../../../../arm-none-eabi/lib/libc.a(libc_a-lseekr.o)
                              /usr/lib/gcc/arm-none-eabi/14.2.0/../../../../arm-none-eabi/lib/libc.a(libc_a-stdio.o) (_lseek_r)
/usr/lib/gcc/arm-none-eabi/14.2.0/../../../../arm-none-eabi/lib/libc.a(libc_a-readr.o)
                              /usr/lib/gcc/arm-none-eabi/14.2.0/../../../../arm-none-eabi/lib/libc.a(libc_a-stdio.o) (_read_r)
/usr/lib/gcc/arm-none-eabi/14.2.0/../../../../arm-none-eabi/lib/libc.a(libc_a-writer.o)
                              /usr/lib/gcc/arm-none-eabi/14.2.0/../../../../arm-none-eabi/lib/libc.a(libc_a-stdio.o) (_write_r)
/usr/lib/gcc/arm-none-eabi/14.2.0/../../../../arm-none-eabi/lib/libc.a(libc_a-init.o)
                              /usr/lib/gcc/arm-none-eabi/14.2.0/../../../../arm-none-eabi/lib/crt0.o (__libc_init_array)
/usr/lib/gcc/arm-none-eabi/14.2.0/../../../../arm-none-eabi/lib/libc.a(libc_a-fini.o)
                              /usr/lib/gcc/arm-none-eabi/14.2.0/../../../../arm-none-eabi/lib/crt0.o (__libc_fini_array)
/usr/lib/gcc/arm-none-eabi/14.2.0/../../../../arm-none-eabi/lib/libc.a(libc_a-lock.o)
                              /usr/lib/gcc/arm-none-eabi/14.2.0/../../../../arm-none-eabi/lib/libc.a(libc_a-findfp.o) (__retarget_lock_init_recursive)
/usr/lib/gcc/arm-none-eabi/14.2.0/../../../../arm-none-eabi/lib/libc.a(libc_a-__atexit.o)
                              /usr/lib/gcc/arm-none-eabi/14.2.0/../../../../arm-none-eabi/lib/libc.a(libc_a-atexit.o) (__register_exitproc)
/usr/lib/gcc/arm-none-eabi/14.2.0/../../../../arm-none-eabi/lib/libc.a(libc_a-__call_atexit.o)
                              /usr/lib/gcc/arm-none-eabi/14.2.0/../../../../arm-none-eabi/lib/libc.a(libc_a-exit.o) (__call_exitprocs)
/usr/lib/gcc/arm-none-eabi/14.2.0/../../../../arm-none-eabi/lib/libc.a(libc_a-freer.o)
                              /usr/lib/gcc/arm-none-eabi/14.2.0/../../../../arm-none-eabi/lib/libc.a(libc_a-reent.o) (_free_r)
/usr/lib/gcc/arm-none-eabi/14.2.0/../../../../arm-none-eabi/lib/libc.a(libc_a-mallocr.o)
                              /usr/lib/gcc/arm-none-eabi/14.2.0/../../../../arm-none-eabi/lib/libc.a(libc_a-findfp.o) (_malloc_r)
/usr/lib/gcc/arm-none-eabi/14.2.0/../../../../arm-none-eabi/lib/libc.a(libc_a-mlock.o)
                              /usr/lib/gcc/arm-none-eabi/14.2.0/../../../../arm-none-eabi/lib/libc.a(libc_a-freer.o) (__malloc_lock)
/usr/lib/gcc/arm-none-eabi/14.2.0/../../../../arm-none-eabi/lib/libc.a(libc_a-fclose.o)
                              /usr/lib/gcc/arm-none-eabi/14.2.0/../../../../arm-none-eabi/lib/libc.a(libc_a-findfp.o) (_fclose_r)
/usr/lib/gcc/arm-none-eabi/14.2.0/../../../../arm-none-eabi/lib/libc.a(libc_a-fflush.o)
                              /usr/lib/gcc/arm-none-eabi/14.2.0/../../../../arm-none-eabi/lib/libc.a(libc_a-fclose.o) (__sflush_r)
/usr/lib/gcc/arm-none-eabi/14.2.0/../../../../arm-none-eabi/lib/libc.a(libc_a-sbrkr.o)
[...]
Memory Configuration

Name             Origin             Length             Attributes
RAM              0x20000000         0x00005000         xrw
FLASH            0x08000000         0x00010000         xr
*default*        0x00000000         0xffffffff

Linker script and memory map

LOAD /usr/lib/gcc/arm-none-eabi/14.2.0/crti.o
LOAD /usr/lib/gcc/arm-none-eabi/14.2.0/crtbegin.o
LOAD /usr/lib/gcc/arm-none-eabi/14.2.0/../../../../arm-none-eabi/lib/crt0.o
LOAD CMakeFiles/sprout_counter.elf.dir/boards/bluepill_f103/startup/startup_stm32f103xb.s.obj
LOAD CMakeFiles/sprout_counter.elf.dir/home/adonogt/hal/STM32CubeF1/Drivers/CMSIS/Device/ST/STM32F1xx/Source/Templates/system_stm32f1xx.c.obj
LOAD CMakeFiles/sprout_counter.elf.dir/home/adonogt/hal/STM32CubeF1/Drivers/STM32F1xx_HAL_Driver/Src/stm32f1xx_hal.c.obj
LOAD CMakeFiles/sprout_counter.elf.dir/home/adonogt/hal/STM32CubeF1/Drivers/STM32F1xx_HAL_Driver/Src/stm32f1xx_hal_rcc.c.obj
LOAD CMakeFiles/sprout_counter.elf.dir/home/adonogt/hal/STM32CubeF1/Drivers/STM32F1xx_HAL_Driver/Src/stm32f1xx_hal_gpio.c.obj
LOAD CMakeFiles/sprout_counter.elf.dir/home/adonogt/hal/STM32CubeF1/Drivers/STM32F1xx_HAL_Driver/Src/stm32f1xx_hal_cortex.c.obj
LOAD CMakeFiles/sprout_counter.elf.dir/home/adonogt/hal/STM32CubeF1/Drivers/STM32F1xx_HAL_Driver/Src/stm32f1xx_hal_flash.c.obj
LOAD CMakeFiles/sprout_counter.elf.dir/home/adonogt/hal/STM32CubeF1/Drivers/STM32F1xx_HAL_Driver/Src/stm32f1xx_hal_rcc_ex.c.obj
LOAD CMakeFiles/sprout_counter.elf.dir/apps/drivers/src/drv_gpio.c.obj
LOAD CMakeFiles/sprout_counter.elf.dir/apps/setup/src/app_setup.c.obj
LOAD CMakeFiles/sprout_counter.elf.dir/apps/main.c.obj
START GROUP
LOAD /usr/lib/gcc/arm-none-eabi/14.2.0/libgcc.a
LOAD /usr/lib/gcc/arm-none-eabi/14.2.0/../../../../arm-none-eabi/lib/libc.a
END GROUP
LOAD /usr/lib/gcc/arm-none-eabi/14.2.0/crtend.o
LOAD /usr/lib/gcc/arm-none-eabi/14.2.0/crtn.o
                0x20005000                        _estack = (ORIGIN (RAM) + LENGTH (RAM))
                0x00000200                        _Min_Heap_Size = 0x200
                0x00000400                        _Min_Stack_Size = 0x400

.isr_vector     0x08000000      0x10c
                0x08000000                        . = ALIGN (0x4)
 *(.isr_vector)
 .isr_vector    0x08000000      0x10c CMakeFiles/sprout_counter.elf.dir/boards/bluepill_f103/startup/startup_stm32f103xb.s.obj
                0x08000000                g_pfnVectors
                0x0800010c                        . = ALIGN (0x4)

.text           0x0800010c      0xcf8
                0x0800010c                        . = ALIGN (0x4)
 *(.text)
 *(.text*)
 .text.__do_global_dtors_aux
                0x0800010c       0x40 /usr/lib/gcc/arm-none-eabi/14.2.0/crtbegin.o
 .text.frame_dummy
                0x0800014c       0x30 /usr/lib/gcc/arm-none-eabi/14.2.0/crtbegin.o
 .text.Reset_Handler
                0x0800017c       0x48 CMakeFiles/sprout_counter.elf.dir/boards/bluepill_f103/startup/startup_stm32f103xb.s.obj
                0x0800017c                Reset_Handler
 .text.Default_Handler
                0x080001c4        0x2 CMakeFiles/sprout_counter.elf.dir/boards/bluepill_f103/startup/startup_stm32f103xb.s.obj
                0x080001c4                RTC_Alarm_IRQHandler
                0x080001c4                EXTI2_IRQHandler
                0x080001c4                DebugMon_Handler
                0x080001c4                TIM1_CC_IRQHandler
                0x080001c4                HardFault_Handler
                0x080001c4                SysTick_Handler
                0x080001c4                PVD_IRQHandler
                0x080001c4                PendSV_Handler
                0x080001c4                NMI_Handler
                0x080001c4                EXTI3_IRQHandler
                0x080001c4                EXTI0_IRQHandler
                0x080001c4                I2C2_EV_IRQHandler
                0x080001c4                UsageFault_Handler
                0x080001c4                ADC1_2_IRQHandler
                0x080001c4                SPI1_IRQHandler
                0x080001c4                TAMPER_IRQHandler
                0x080001c4                DMA1_Channel4_IRQHandler
                0x080001c4                USART3_IRQHandler
                0x080001c4                RTC_IRQHandler
                0x080001c4                DMA1_Channel7_IRQHandler
                0x080001c4                CAN1_RX1_IRQHandler
                0x080001c4                TIM4_IRQHandler
                0x080001c4                I2C1_EV_IRQHandler
                0x080001c4                DMA1_Channel6_IRQHandler
                0x080001c4                TIM3_IRQHandler
                0x080001c4                RCC_IRQHandler
                0x080001c4                TIM1_TRG_COM_IRQHandler
                0x080001c4                DMA1_Channel1_IRQHandler
                0x080001c4                Default_Handler
                0x080001c4                EXTI15_10_IRQHandler
                0x080001c4                EXTI9_5_IRQHandler
                0x080001c4                SPI2_IRQHandler
                0x080001c4                MemManage_Handler
                0x080001c4                SVC_Handler
                0x080001c4                DMA1_Channel5_IRQHandler
                0x080001c4                EXTI4_IRQHandler
                0x080001c4                USB_LP_CAN1_RX0_IRQHandler
                0x080001c4                USB_HP_CAN1_TX_IRQHandler
                0x080001c4                DMA1_Channel3_IRQHandler
                0x080001c4                TIM1_UP_IRQHandler
                0x080001c4                WWDG_IRQHandler
                0x080001c4                TIM2_IRQHandler
                0x080001c4                TIM1_BRK_IRQHandler
                0x080001c4                EXTI1_IRQHandler
                0x080001c4                USART2_IRQHandler
                0x080001c4                I2C2_ER_IRQHandler
                0x080001c4                DMA1_Channel2_IRQHandler
                0x080001c4                CAN1_SCE_IRQHandler
                0x080001c4                FLASH_IRQHandler
                0x080001c4                BusFault_Handler
                0x080001c4                USART1_IRQHandler
                0x080001c4                I2C1_ER_IRQHandler
                0x080001c4                USBWakeUp_IRQHandler
 *fill*         0x080001c6        0x2 
 .text.SystemInit
                0x080001c8        0x4 CMakeFiles/sprout_counter.elf.dir/home/adonogt/hal/STM32CubeF1/Drivers/CMSIS/Device/ST/STM32F1xx/Source/Templates/system_stm32f1xx.c.obj
                0x080001c8                SystemInit
 .text.HAL_MspInit
                0x080001cc        0x4 CMakeFiles/sprout_counter.elf.dir/home/adonogt/hal/STM32CubeF1/Drivers/STM32F1xx_HAL_Driver/Src/stm32f1xx_hal.c.obj
                0x080001cc                HAL_MspInit
 .text.HAL_InitTick
                0x080001d0       0x48 CMakeFiles/sprout_counter.elf.dir/home/adonogt/hal/STM32CubeF1/Drivers/STM32F1xx_HAL_Driver/Src/stm32f1xx_hal.c.obj
                0x080001d0                HAL_InitTick
 .text.HAL_Init
                0x08000218       0x24 CMakeFiles/sprout_counter.elf.dir/home/adonogt/hal/STM32CubeF1/Drivers/STM32F1xx_HAL_Driver/Src/stm32f1xx_hal.c.obj
                0x08000218                HAL_Init
 .text.HAL_GetTick
                0x0800023c        0xc CMakeFiles/sprout_counter.elf.dir/home/adonogt/hal/STM32CubeF1/Drivers/STM32F1xx_HAL_Driver/Src/stm32f1xx_hal.c.obj
                0x0800023c                HAL_GetTick
 .text.HAL_Delay
                0x08000248       0x24 CMakeFiles/sprout_counter.elf.dir/home/adonogt/hal/STM32CubeF1/Drivers/STM32F1xx_HAL_Driver/Src/stm32f1xx_hal.c.obj
                0x08000248                HAL_Delay
 .text.HAL_RCC_OscConfig
                0x0800026c      0x3e0 CMakeFiles/sprout_counter.elf.dir/home/adonogt/hal/STM32CubeF1/Drivers/STM32F1xx_HAL_Driver/Src/stm32f1xx_hal_rcc.c.obj
                0x0800026c                HAL_RCC_OscConfig
 .text.HAL_RCC_GetSysClockFreq
                0x0800064c       0x50 CMakeFiles/sprout_counter.elf.dir/home/adonogt/hal/STM32CubeF1/Drivers/STM32F1xx_HAL_Driver/Src/stm32f1xx_hal_rcc.c.obj
                0x0800064c                HAL_RCC_GetSysClockFreq
 .text.HAL_RCC_ClockConfig
                0x0800069c      0x140 CMakeFiles/sprout_counter.elf.dir/home/adonogt/hal/STM32CubeF1/Drivers/STM32F1xx_HAL_Driver/Src/stm32f1xx_hal_rcc.c.obj
                0x0800069c                HAL_RCC_ClockConfig
 .text.HAL_RCC_GetHCLKFreq
                0x080007dc        0xc CMakeFiles/sprout_counter.elf.dir/home/adonogt/hal/STM32CubeF1/Drivers/STM32F1xx_HAL_Driver/Src/stm32f1xx_hal_rcc.c.obj
                0x080007dc                HAL_RCC_GetHCLKFreq
 .text.HAL_GPIO_Init
                0x080007e8      0x210 CMakeFiles/sprout_counter.elf.dir/home/adonogt/hal/STM32CubeF1/Drivers/STM32F1xx_HAL_Driver/Src/stm32f1xx_hal_gpio.c.obj
                0x080007e8                HAL_GPIO_Init
 .text.HAL_GPIO_WritePin
                0x080009f8        0x8 CMakeFiles/sprout_counter.elf.dir/home/adonogt/hal/STM32CubeF1/Drivers/STM32F1xx_HAL_Driver/Src/stm32f1xx_hal_gpio.c.obj
                0x080009f8                HAL_GPIO_WritePin
 .text.HAL_GPIO_TogglePin
                0x08000a00       0x14 CMakeFiles/sprout_counter.elf.dir/home/adonogt/hal/STM32CubeF1/Drivers/STM32F1xx_HAL_Driver/Src/stm32f1xx_hal_gpio.c.obj
                0x08000a00                HAL_GPIO_TogglePin
 .text.HAL_NVIC_SetPriorityGrouping
                0x08000a14       0x24 CMakeFiles/sprout_counter.elf.dir/home/adonogt/hal/STM32CubeF1/Drivers/STM32F1xx_HAL_Driver/Src/stm32f1xx_hal_cortex.c.obj
                0x08000a14                HAL_NVIC_SetPriorityGrouping
 .text.HAL_NVIC_SetPriority
                0x08000a38       0x78 CMakeFiles/sprout_counter.elf.dir/home/adonogt/hal/STM32CubeF1/Drivers/STM32F1xx_HAL_Driver/Src/stm32f1xx_hal_cortex.c.obj
                0x08000a38                HAL_NVIC_SetPriority
 .text.HAL_SYSTICK_Config
                0x08000ab0       0x30 CMakeFiles/sprout_counter.elf.dir/home/adonogt/hal/STM32CubeF1/Drivers/STM32F1xx_HAL_Driver/Src/stm32f1xx_hal_cortex.c.obj
                0x08000ab0                HAL_SYSTICK_Config
 .text.HAL_SYSTICK_CLKSourceConfig
                0x08000ae0       0x18 CMakeFiles/sprout_counter.elf.dir/home/adonogt/hal/STM32CubeF1/Drivers/STM32F1xx_HAL_Driver/Src/stm32f1xx_hal_cortex.c.obj
                0x08000ae0                HAL_SYSTICK_CLKSourceConfig
 .text.drv_gpio_init
                0x08000af8       0x50 CMakeFiles/sprout_counter.elf.dir/apps/drivers/src/drv_gpio.c.obj
                0x08000af8                drv_gpio_init
 .text.drv_gpio_toggle
                0x08000b48        0x4 CMakeFiles/sprout_counter.elf.dir/apps/drivers/src/drv_gpio.c.obj
                0x08000b48                drv_gpio_toggle
 .text.app_setup
                0x08000b4c       0x88 CMakeFiles/sprout_counter.elf.dir/apps/setup/src/app_setup.c.obj
                0x08000b4c                app_setup
 .text.startup.main
                0x08000bd4       0x24 CMakeFiles/sprout_counter.elf.dir/apps/main.c.obj
                0x08000bd4                main
 .text.atexit   0x08000bf8       0x20 /usr/lib/gcc/arm-none-eabi/14.2.0/../../../../arm-none-eabi/lib/libc.a(libc_a-atexit.o)
                0x08000bf8                atexit
 .text.__libc_init_array
                0x08000c18       0x90 /usr/lib/gcc/arm-none-eabi/14.2.0/../../../../arm-none-eabi/lib/libc.a(libc_a-init.o)
                0x08000c18                __libc_init_array
 .text.__libc_fini_array
                0x08000ca8       0x44 /usr/lib/gcc/arm-none-eabi/14.2.0/../../../../arm-none-eabi/lib/libc.a(libc_a-fini.o)
                0x08000ca8                __libc_fini_array
 .text.__retarget_lock_acquire_recursive
                0x08000cec        0x4 /usr/lib/gcc/arm-none-eabi/14.2.0/../../../../arm-none-eabi/lib/libc.a(libc_a-lock.o)
                0x08000cec                __retarget_lock_acquire_recursive
 .text.__retarget_lock_release_recursive
                0x08000cf0        0x4 /usr/lib/gcc/arm-none-eabi/14.2.0/../../../../arm-none-eabi/lib/libc.a(libc_a-lock.o)
                0x08000cf0                __retarget_lock_release_recursive
 .text.__register_exitproc
                0x08000cf4       0xb8 /usr/lib/gcc/arm-none-eabi/14.2.0/../../../../arm-none-eabi/lib/libc.a(libc_a-__atexit.o)
                0x08000cf4                __register_exitproc
 .text.startup.register_fini
                0x08000dac       0x28 /usr/lib/gcc/arm-none-eabi/14.2.0/../../../../arm-none-eabi/lib/libc.a(libc_a-__call_atexit.o)
 *(.glue_7)
 .glue_7        0x08000dd4        0x0 linker stubs
 *(.glue_7t)
 .glue_7t       0x08000dd4        0x0 linker stubs
 *(.eh_frame)
 .eh_frame      0x08000dd4        0x0 /usr/lib/gcc/arm-none-eabi/14.2.0/crtbegin.o
 *(.init)
 .init          0x08000dd4        0xc /usr/lib/gcc/arm-none-eabi/14.2.0/crti.o
                0x08000dd4                _init
 .init          0x08000de0        0xc /usr/lib/gcc/arm-none-eabi/14.2.0/crtn.o
 *(.fini)
 .fini          0x08000dec        0xc /usr/lib/gcc/arm-none-eabi/14.2.0/crti.o
                0x08000dec                _fini
 .fini          0x08000df8        0xc /usr/lib/gcc/arm-none-eabi/14.2.0/crtn.o
                0x08000e04                        . = ALIGN (0x4)
                0x08000e04                        _etext = .

.vfp11_veneer   0x08000e04        0x0
 .vfp11_veneer  0x08000e04        0x0 linker stubs

.v4_bx          0x08000e04        0x0
 .v4_bx         0x08000e04        0x0 linker stubs

.iplt           0x08000e04        0x0
 .iplt          0x08000e04        0x0 /usr/lib/gcc/arm-none-eabi/14.2.0/crtbegin.o

.rodata         0x08000e04       0x24
                0x08000e04                        . = ALIGN (0x4)
 *(.rodata)
 *(.rodata*)
 .rodata.AHBPrescTable
                0x08000e04       0x10 CMakeFiles/sprout_counter.elf.dir/home/adonogt/hal/STM32CubeF1/Drivers/CMSIS/Device/ST/STM32F1xx/Source/Templates/system_stm32f1xx.c.obj
                0x08000e04                AHBPrescTable
 .rodata.aPredivFactorTable.0
                0x08000e14        0x2 CMakeFiles/sprout_counter.elf.dir/home/adonogt/hal/STM32CubeF1/Drivers/STM32F1xx_HAL_Driver/Src/stm32f1xx_hal_rcc.c.obj
 *fill*         0x08000e16        0x2 
 .rodata.aPLLMULFactorTable.1
                0x08000e18       0x10 CMakeFiles/sprout_counter.elf.dir/home/adonogt/hal/STM32CubeF1/Drivers/STM32F1xx_HAL_Driver/Src/stm32f1xx_hal_rcc.c.obj
                0x08000e28                        . = ALIGN (0x4)

.rel.dyn        0x08000e28        0x0
 .rel.iplt      0x08000e28        0x0 /usr/lib/gcc/arm-none-eabi/14.2.0/crtbegin.o

.ARM.extab
 *(.ARM.extab* .gnu.linkonce.armextab.*)

.ARM            0x08000e28        0x0
                0x08000e28                        __exidx_start = .
 *(.ARM.exidx*)
                0x08000e28                        __exidx_end = .

.preinit_array  0x08000e28        0x0
                0x08000e28                        PROVIDE (__preinit_array_start = .)
 *(.preinit_array*)
                0x08000e28                        PROVIDE (__preinit_array_end = .)

.init_array     0x08000e28        0x8
                0x08000e28                        PROVIDE (__init_array_start = .)
 *(SORT_BY_NAME(.init_array.*))
 .init_array.00000
                0x08000e28        0x4 /usr/lib/gcc/arm-none-eabi/14.2.0/../../../../arm-none-eabi/lib/libc.a(libc_a-__call_atexit.o)
 *(.init_array*)
 .init_array    0x08000e2c        0x4 /usr/lib/gcc/arm-none-eabi/14.2.0/crtbegin.o
                0x08000e30                        PROVIDE (__init_array_end = .)

.fini_array     0x08000e30        0x4
                0x08000e30                        PROVIDE (__fini_array_start = .)
 *(SORT_BY_NAME(.fini_array.*))
 *(.fini_array*)
 .fini_array    0x08000e30        0x4 /usr/lib/gcc/arm-none-eabi/14.2.0/crtbegin.o
                0x08000e34                        PROVIDE (__fini_array_end = .)
                0x08000e34                        _sidata = LOADADDR (.data)

.data           0x20000000       0x10 load address 0x08000e34
                0x20000000                        . = ALIGN (0x4)
                0x20000000                        _sdata = .
 *(.data)
 *(.data*)
 .data.SystemCoreClock
                0x20000000        0x4 CMakeFiles/sprout_counter.elf.dir/home/adonogt/hal/STM32CubeF1/Drivers/CMSIS/Device/ST/STM32F1xx/Source/Templates/system_stm32f1xx.c.obj
                0x20000000                SystemCoreClock
 .data.uwTickFreq
                0x20000004        0x1 CMakeFiles/sprout_counter.elf.dir/home/adonogt/hal/STM32CubeF1/Drivers/STM32F1xx_HAL_Driver/Src/stm32f1xx_hal.c.obj
                0x20000004                uwTickFreq
 *fill*         0x20000005        0x3 
 .data.uwTickPrio
                0x20000008        0x4 CMakeFiles/sprout_counter.elf.dir/home/adonogt/hal/STM32CubeF1/Drivers/STM32F1xx_HAL_Driver/Src/stm32f1xx_hal.c.obj
                0x20000008                uwTickPrio
 .data.__atexit_recursive_mutex
                0x2000000c        0x4 /usr/lib/gcc/arm-none-eabi/14.2.0/../../../../arm-none-eabi/lib/libc.a(libc_a-__call_atexit.o)
                0x2000000c                __atexit_recursive_mutex
                0x20000010                        . = ALIGN (0x4)
                0x20000010                        _edata = .

.igot.plt       0x20000010        0x0 load address 0x08000e44
 .igot.plt      0x20000010        0x0 /usr/lib/gcc/arm-none-eabi/14.2.0/crtbegin.o
                0x20000010                        . = ALIGN (0x4)

.bss            0x20000010      0x1b8 load address 0x08000e44
                0x20000010                        _sbss = .
                0x20000010                        __bss_start__ = _sbss
 *(.bss)
 *(.bss*)
 .bss.completed.1
                0x20000010        0x1 /usr/lib/gcc/arm-none-eabi/14.2.0/crtbegin.o
 *fill*         0x20000011        0x3 
 .bss.object.0  0x20000014       0x18 /usr/lib/gcc/arm-none-eabi/14.2.0/crtbegin.o
 .bss.uwTick    0x2000002c        0x4 CMakeFiles/sprout_counter.elf.dir/home/adonogt/hal/STM32CubeF1/Drivers/STM32F1xx_HAL_Driver/Src/stm32f1xx_hal.c.obj
                0x2000002c                uwTick
 .bss.__lock___atexit_recursive_mutex
                0x20000030        0x1 /usr/lib/gcc/arm-none-eabi/14.2.0/../../../../arm-none-eabi/lib/libc.a(libc_a-lock.o)
                0x20000030                __lock___atexit_recursive_mutex
 *fill*         0x20000031        0x3 
 .bss.__atexit0
                0x20000034      0x190 /usr/lib/gcc/arm-none-eabi/14.2.0/../../../../arm-none-eabi/lib/libc.a(libc_a-__atexit.o)
                0x20000034                __atexit0
 .bss.__atexit  0x200001c4        0x4 /usr/lib/gcc/arm-none-eabi/14.2.0/../../../../arm-none-eabi/lib/libc.a(libc_a-__call_atexit.o)
                0x200001c4                __atexit
 *(COMMON)
                0x200001c8                        . = ALIGN (0x4)
                0x200001c8                        _ebss = .
                0x200001c8                        __bss_end__ = _ebss

._user_heap_stack
                0x200001c8      0x600 load address 0x08000e44
                0x200001c8                        . = ALIGN (0x8)
                [!provide]                        PROVIDE (end = .)
                [!provide]                        PROVIDE (_end = .)
                0x200003c8                        . = (. + _Min_Heap_Size)
 *fill*         0x200001c8      0x200 
                0x200007c8                        . = (. + _Min_Stack_Size)
 *fill*         0x200003c8      0x400 
                0x200007c8                        . = ALIGN (0x8)

/DISCARD/
 libc.a(*)
 libm.a(*)
 libgcc.a(*)

.ARM.attributes
                0x00000000       0x31
 *(.ARM.attributes)
 .ARM.attributes
                0x00000000       0x1c /usr/lib/gcc/arm-none-eabi/14.2.0/crti.o
 .ARM.attributes
                0x0000001c       0x2a /usr/lib/gcc/arm-none-eabi/14.2.0/crtbegin.o
 .ARM.attributes
                0x00000046       0x21 CMakeFiles/sprout_counter.elf.dir/boards/bluepill_f103/startup/startup_stm32f103xb.s.obj
 .ARM.attributes
                0x00000067       0x2d CMakeFiles/sprout_counter.elf.dir/home/adonogt/hal/STM32CubeF1/Drivers/CMSIS/Device/ST/STM32F1xx/Source/Templates/system_stm32f1xx.c.obj
 .ARM.attributes
                0x00000094       0x2d CMakeFiles/sprout_counter.elf.dir/home/adonogt/hal/STM32CubeF1/Drivers/STM32F1xx_HAL_Driver/Src/stm32f1xx_hal.c.obj
 .ARM.attributes
                0x000000c1       0x2d CMakeFiles/sprout_counter.elf.dir/home/adonogt/hal/STM32CubeF1/Drivers/STM32F1xx_HAL_Driver/Src/stm32f1xx_hal_rcc.c.obj
 .ARM.attributes
                0x000000ee       0x2d CMakeFiles/sprout_counter.elf.dir/home/adonogt/hal/STM32CubeF1/Drivers/STM32F1xx_HAL_Driver/Src/stm32f1xx_hal_gpio.c.obj
 .ARM.attributes
                0x0000011b       0x2d CMakeFiles/sprout_counter.elf.dir/home/adonogt/hal/STM32CubeF1/Drivers/STM32F1xx_HAL_Driver/Src/stm32f1xx_hal_cortex.c.obj
 .ARM.attributes
                0x00000148       0x2d CMakeFiles/sprout_counter.elf.dir/apps/drivers/src/drv_gpio.c.obj
 .ARM.attributes
                0x00000175       0x2d CMakeFiles/sprout_counter.elf.dir/apps/setup/src/app_setup.c.obj
 .ARM.attributes
                0x000001a2       0x2d CMakeFiles/sprout_counter.elf.dir/apps/main.c.obj
 .ARM.attributes
                0x000001cf       0x2a /usr/lib/gcc/arm-none-eabi/14.2.0/../../../../arm-none-eabi/lib/libc.a(libc_a-atexit.o)
 .ARM.attributes
                0x000001f9       0x2a /usr/lib/gcc/arm-none-eabi/14.2.0/../../../../arm-none-eabi/lib/libc.a(libc_a-init.o)
 .ARM.attributes
                0x00000223       0x2a /usr/lib/gcc/arm-none-eabi/14.2.0/../../../../arm-none-eabi/lib/libc.a(libc_a-fini.o)
 .ARM.attributes
                0x0000024d       0x2a /usr/lib/gcc/arm-none-eabi/14.2.0/../../../../arm-none-eabi/lib/libc.a(libc_a-lock.o)
 .ARM.attributes
                0x00000277       0x2a /usr/lib/gcc/arm-none-eabi/14.2.0/../../../../arm-none-eabi/lib/libc.a(libc_a-__atexit.o)
 .ARM.attributes
                0x000002a1       0x2a /usr/lib/gcc/arm-none-eabi/14.2.0/../../../../arm-none-eabi/lib/libc.a(libc_a-__call_atexit.o)
 .ARM.attributes
                0x000002cb       0x1c /usr/lib/gcc/arm-none-eabi/14.2.0/crtn.o
OUTPUT(sprout_counter.elf elf32-littlearm)
LOAD linker stubs
LOAD /usr/lib/gcc/arm-none-eabi/14.2.0/../../../../arm-none-eabi/lib/libc.a
LOAD /usr/lib/gcc/arm-none-eabi/14.2.0/../../../../arm-none-eabi/lib/libm.a
LOAD /usr/lib/gcc/arm-none-eabi/14.2.0/libgcc.a

.debug_line     0x00000000     0x475b
 .debug_line    0x00000000       0x78 CMakeFiles/sprout_counter.elf.dir/boards/bluepill_f103/startup/startup_stm32f103xb.s.obj
 .debug_line    0x00000078      0x4ee CMakeFiles/sprout_counter.elf.dir/home/adonogt/hal/STM32CubeF1/Drivers/CMSIS/Device/ST/STM32F1xx/Source/Templates/system_stm32f1xx.c.obj
 .debug_line    0x00000566      0x7a4 CMakeFiles/sprout_counter.elf.dir/home/adonogt/hal/STM32CubeF1/Drivers/STM32F1xx_HAL_Driver/Src/stm32f1xx_hal.c.obj
 .debug_line    0x00000d0a     0x1021 CMakeFiles/sprout_counter.elf.dir/home/adonogt/hal/STM32CubeF1/Drivers/STM32F1xx_HAL_Driver/Src/stm32f1xx_hal_rcc.c.obj
 .debug_line    0x00001d2b      0x878 CMakeFiles/sprout_counter.elf.dir/home/adonogt/hal/STM32CubeF1/Drivers/STM32F1xx_HAL_Driver/Src/stm32f1xx_hal_gpio.c.obj
 .debug_line    0x000025a3      0x988 CMakeFiles/sprout_counter.elf.dir/home/adonogt/hal/STM32CubeF1/Drivers/STM32F1xx_HAL_Driver/Src/stm32f1xx_hal_cortex.c.obj
 .debug_line    0x00002f2b      0x4eb CMakeFiles/sprout_counter.elf.dir/apps/drivers/src/drv_gpio.c.obj
 .debug_line    0x00003416      0x5cb CMakeFiles/sprout_counter.elf.dir/apps/setup/src/app_setup.c.obj
 .debug_line    0x000039e1      0x4de CMakeFiles/sprout_counter.elf.dir/apps/main.c.obj
 .debug_line    0x00003ebf       0xe0 /usr/lib/gcc/arm-none-eabi/14.2.0/../../../../arm-none-eabi/lib/libc.a(libc_a-atexit.o)
 .debug_line    0x00003f9f      0x126 /usr/lib/gcc/arm-none-eabi/14.2.0/../../../../arm-none-eabi/lib/libc.a(libc_a-init.o)
 .debug_line    0x000040c5       0xdd /usr/lib/gcc/arm-none-eabi/14.2.0/../../../../arm-none-eabi/lib/libc.a(libc_a-fini.o)
 .debug_line    0x000041a2      0x174 /usr/lib/gcc/arm-none-eabi/14.2.0/../../../../arm-none-eabi/lib/libc.a(libc_a-lock.o)
 .debug_line    0x00004316      0x189 /usr/lib/gcc/arm-none-eabi/14.2.0/../../../../arm-none-eabi/lib/libc.a(libc_a-__atexit.o)
 .debug_line    0x0000449f      0x2bc /usr/lib/gcc/arm-none-eabi/14.2.0/../../../../arm-none-eabi/lib/libc.a(libc_a-__call_atexit.o)

.debug_line_str
                0x00000000       0x83
 .debug_line_str
                0x00000000       0x83 CMakeFiles/sprout_counter.elf.dir/boards/bluepill_f103/startup/startup_stm32f103xb.s.obj

.debug_info     0x00000000     0x39e7
 .debug_info    0x00000000       0x30 CMakeFiles/sprout_counter.elf.dir/boards/bluepill_f103/startup/startup_stm32f103xb.s.obj
 .debug_info    0x00000030      0x231 CMakeFiles/sprout_counter.elf.dir/home/adonogt/hal/STM32CubeF1/Drivers/CMSIS/Device/ST/STM32F1xx/Source/Templates/system_stm32f1xx.c.obj
 .debug_info    0x00000261      0x7dc CMakeFiles/sprout_counter.elf.dir/home/adonogt/hal/STM32CubeF1/Drivers/STM32F1xx_HAL_Driver/Src/stm32f1xx_hal.c.obj
 .debug_info    0x00000a3d      0xa03 CMakeFiles/sprout_counter.elf.dir/home/adonogt/hal/STM32CubeF1/Drivers/STM32F1xx_HAL_Driver/Src/stm32f1xx_hal_rcc.c.obj
 .debug_info    0x00001440      0x612 CMakeFiles/sprout_counter.elf.dir/home/adonogt/hal/STM32CubeF1/Drivers/STM32F1xx_HAL_Driver/Src/stm32f1xx_hal_gpio.c.obj
 .debug_info    0x00001a52      0xd02 CMakeFiles/sprout_counter.elf.dir/home/adonogt/hal/STM32CubeF1/Drivers/STM32F1xx_HAL_Driver/Src/stm32f1xx_hal_cortex.c.obj
 .debug_info    0x00002754      0x335 CMakeFiles/sprout_counter.elf.dir/apps/drivers/src/drv_gpio.c.obj
 .debug_info    0x00002a89      0x305 CMakeFiles/sprout_counter.elf.dir/apps/setup/src/app_setup.c.obj
 .debug_info    0x00002d8e      0x1e9 CMakeFiles/sprout_counter.elf.dir/apps/main.c.obj
 .debug_info    0x00002f77      0x11e /usr/lib/gcc/arm-none-eabi/14.2.0/../../../../arm-none-eabi/lib/libc.a(libc_a-atexit.o)
 .debug_info    0x00003095      0x10b /usr/lib/gcc/arm-none-eabi/14.2.0/../../../../arm-none-eabi/lib/libc.a(libc_a-init.o)
 .debug_info    0x000031a0       0xf7 /usr/lib/gcc/arm-none-eabi/14.2.0/../../../../arm-none-eabi/lib/libc.a(libc_a-fini.o)
 .debug_info    0x00003297      0x218 /usr/lib/gcc/arm-none-eabi/14.2.0/../../../../arm-none-eabi/lib/libc.a(libc_a-lock.o)
 .debug_info    0x000034af      0x25f /usr/lib/gcc/arm-none-eabi/14.2.0/../../../../arm-none-eabi/lib/libc.a(libc_a-__atexit.o)
 .debug_info    0x0000370e      0x2d9 /usr/lib/gcc/arm-none-eabi/14.2.0/../../../../arm-none-eabi/lib/libc.a(libc_a-__call_atexit.o)

.debug_abbrev   0x00000000     0x17b5
 .debug_abbrev  0x00000000       0x24 CMakeFiles/sprout_counter.elf.dir/boards/bluepill_f103/startup/startup_stm32f103xb.s.obj
 .debug_abbrev  0x00000024      0x145 CMakeFiles/sprout_counter.elf.dir/home/adonogt/hal/STM32CubeF1/Drivers/CMSIS/Device/ST/STM32F1xx/Source/Templates/system_stm32f1xx.c.obj
 .debug_abbrev  0x00000169      0x272 CMakeFiles/sprout_counter.elf.dir/home/adonogt/hal/STM32CubeF1/Drivers/STM32F1xx_HAL_Driver/Src/stm32f1xx_hal.c.obj
 .debug_abbrev  0x000003db      0x2f2 CMakeFiles/sprout_counter.elf.dir/home/adonogt/hal/STM32CubeF1/Drivers/STM32F1xx_HAL_Driver/Src/stm32f1xx_hal_rcc.c.obj
 .debug_abbrev  0x000006cd      0x20a CMakeFiles/sprout_counter.elf.dir/home/adonogt/hal/STM32CubeF1/Drivers/STM32F1xx_HAL_Driver/Src/stm32f1xx_hal_gpio.c.obj
 .debug_abbrev  0x000008d7      0x363 CMakeFiles/sprout_counter.elf.dir/home/adonogt/hal/STM32CubeF1/Drivers/STM32F1xx_HAL_Driver/Src/stm32f1xx_hal_cortex.c.obj
 .debug_abbrev  0x00000c3a      0x1b0 CMakeFiles/sprout_counter.elf.dir/apps/drivers/src/drv_gpio.c.obj
 .debug_abbrev  0x00000dea      0x19a CMakeFiles/sprout_counter.elf.dir/apps/setup/src/app_setup.c.obj
 .debug_abbrev  0x00000f84      0x145 CMakeFiles/sprout_counter.elf.dir/apps/main.c.obj
 .debug_abbrev  0x000010c9       0xbe /usr/lib/gcc/arm-none-eabi/14.2.0/../../../../arm-none-eabi/lib/libc.a(libc_a-atexit.o)
 .debug_abbrev  0x00001187       0xc9 /usr/lib/gcc/arm-none-eabi/14.2.0/../../../../arm-none-eabi/lib/libc.a(libc_a-init.o)
 .debug_abbrev  0x00001250       0xc9 /usr/lib/gcc/arm-none-eabi/14.2.0/../../../../arm-none-eabi/lib/libc.a(libc_a-fini.o)
 .debug_abbrev  0x00001319      0x115 /usr/lib/gcc/arm-none-eabi/14.2.0/../../../../arm-none-eabi/lib/libc.a(libc_a-lock.o)
 .debug_abbrev  0x0000142e      0x189 /usr/lib/gcc/arm-none-eabi/14.2.0/../../../../arm-none-eabi/lib/libc.a(libc_a-__atexit.o)
 .debug_abbrev  0x000015b7      0x1fe /usr/lib/gcc/arm-none-eabi/14.2.0/../../../../arm-none-eabi/lib/libc.a(libc_a-__call_atexit.o)

.debug_aranges  0x00000000      0x418
 .debug_aranges
                0x00000000       0x28 CMakeFiles/sprout_counter.elf.dir/boards/bluepill_f103/startup/startup_stm32f103xb.s.obj
 .debug_aranges
                0x00000028       0x28 CMakeFiles/sprout_counter.elf.dir/home/adonogt/hal/STM32CubeF1/Drivers/CMSIS/Device/ST/STM32F1xx/Source/Templates/system_stm32f1xx.c.obj
 .debug_aranges
                0x00000050       0xe0 CMakeFiles/sprout_counter.elf.dir/home/adonogt/hal/STM32CubeF1/Drivers/STM32F1xx_HAL_Driver/Src/stm32f1xx_hal.c.obj
 .debug_aranges
                0x00000130       0x88 CMakeFiles/sprout_counter.elf.dir/home/adonogt/hal/STM32CubeF1/Drivers/STM32F1xx_HAL_Driver/Src/stm32f1xx_hal_rcc.c.obj
 .debug_aranges
                0x000001b8       0x58 CMakeFiles/sprout_counter.elf.dir/home/adonogt/hal/STM32CubeF1/Drivers/STM32F1xx_HAL_Driver/Src/stm32f1xx_hal_gpio.c.obj
 .debug_aranges
                0x00000210       0x90 CMakeFiles/sprout_counter.elf.dir/home/adonogt/hal/STM32CubeF1/Drivers/STM32F1xx_HAL_Driver/Src/stm32f1xx_hal_cortex.c.obj
 .debug_aranges
                0x000002a0       0x28 CMakeFiles/sprout_counter.elf.dir/apps/drivers/src/drv_gpio.c.obj
 .debug_aranges
                0x000002c8       0x20 CMakeFiles/sprout_counter.elf.dir/apps/setup/src/app_setup.c.obj
 .debug_aranges
                0x000002e8       0x20 CMakeFiles/sprout_counter.elf.dir/apps/main.c.obj
 .debug_aranges
                0x00000308       0x20 /usr/lib/gcc/arm-none-eabi/14.2.0/../../../../arm-none-eabi/lib/libc.a(libc_a-atexit.o)
 .debug_aranges
                0x00000328       0x20 /usr/lib/gcc/arm-none-eabi/14.2.0/../../../../arm-none-eabi/lib/libc.a(libc_a-init.o)
 .debug_aranges
                0x00000348       0x20 /usr/lib/gcc/arm-none-eabi/14.2.0/../../../../arm-none-eabi/lib/libc.a(libc_a-fini.o)
 .debug_aranges
                0x00000368       0x68 /usr/lib/gcc/arm-none-eabi/14.2.0/../../../../arm-none-eabi/lib/libc.a(libc_a-lock.o)
 .debug_aranges
                0x000003d0       0x20 /usr/lib/gcc/arm-none-eabi/14.2.0/../../../../arm-none-eabi/lib/libc.a(libc_a-__atexit.o)
 .debug_aranges
                0x000003f0       0x28 /usr/lib/gcc/arm-none-eabi/14.2.0/../../../../arm-none-eabi/lib/libc.a(libc_a-__call_atexit.o)

.debug_str      0x00000000    0x798f9
 .debug_str     0x00000000    0x798f9 CMakeFiles/sprout_counter.elf.dir/boards/bluepill_f103/startup/startup_stm32f103xb.s.obj
                                 0x9d (size before relaxing)
 .debug_str     0x000798f9    0x78410 CMakeFiles/sprout_counter.elf.dir/home/adonogt/hal/STM32CubeF1/Drivers/CMSIS/Device/ST/STM32F1xx/Source/Templates/system_stm32f1xx.c.obj
 .debug_str     0x000798f9    0x78b19 CMakeFiles/sprout_counter.elf.dir/home/adonogt/hal/STM32CubeF1/Drivers/STM32F1xx_HAL_Driver/Src/stm32f1xx_hal.c.obj
 .debug_str     0x000798f9    0x78815 CMakeFiles/sprout_counter.elf.dir/home/adonogt/hal/STM32CubeF1/Drivers/STM32F1xx_HAL_Driver/Src/stm32f1xx_hal_rcc.c.obj
 .debug_str     0x000798f9    0x7876c CMakeFiles/sprout_counter.elf.dir/home/adonogt/hal/STM32CubeF1/Drivers/STM32F1xx_HAL_Driver/Src/stm32f1xx_hal_gpio.c.obj
 .debug_str     0x000798f9    0x78a65 CMakeFiles/sprout_counter.elf.dir/home/adonogt/hal/STM32CubeF1/Drivers/STM32F1xx_HAL_Driver/Src/stm32f1xx_hal_cortex.c.obj
 .debug_str     0x000798f9    0x78498 CMakeFiles/sprout_counter.elf.dir/apps/drivers/src/drv_gpio.c.obj
 .debug_str     0x000798f9    0x7854a CMakeFiles/sprout_counter.elf.dir/apps/setup/src/app_setup.c.obj
 .debug_str     0x000798f9    0x78418 CMakeFiles/sprout_counter.elf.dir/apps/main.c.obj
 .debug_str     0x000798f9      0x1d8 /usr/lib/gcc/arm-none-eabi/14.2.0/../../../../arm-none-eabi/lib/libc.a(libc_a-atexit.o)
 .debug_str     0x000798f9      0x1fc /usr/lib/gcc/arm-none-eabi/14.2.0/../../../../arm-none-eabi/lib/libc.a(libc_a-init.o)
 .debug_str     0x000798f9      0x1d2 /usr/lib/gcc/arm-none-eabi/14.2.0/../../../../arm-none-eabi/lib/libc.a(libc_a-fini.o)
 .debug_str     0x000798f9      0x332 /usr/lib/gcc/arm-none-eabi/14.2.0/../../../../arm-none-eabi/lib/libc.a(libc_a-lock.o)
 .debug_str     0x000798f9      0x2af /usr/lib/gcc/arm-none-eabi/14.2.0/../../../../arm-none-eabi/lib/libc.a(libc_a-__atexit.o)
 .debug_str     0x000798f9      0x2d8 /usr/lib/gcc/arm-none-eabi/14.2.0/../../../../arm-none-eabi/lib/libc.a(libc_a-__call_atexit.o)

.debug_rnglists
                0x00000000      0x41b
 .debug_rnglists
                0x00000000       0x19 CMakeFiles/sprout_counter.elf.dir/boards/bluepill_f103/startup/startup_stm32f103xb.s.obj
 .debug_rnglists
                0x00000019       0x19 CMakeFiles/sprout_counter.elf.dir/home/adonogt/hal/STM32CubeF1/Drivers/CMSIS/Device/ST/STM32F1xx/Source/Templates/system_stm32f1xx.c.obj
 .debug_rnglists
                0x00000032       0xa3 CMakeFiles/sprout_counter.elf.dir/home/adonogt/hal/STM32CubeF1/Drivers/STM32F1xx_HAL_Driver/Src/stm32f1xx_hal.c.obj
 .debug_rnglists
                0x000000d5       0xbc CMakeFiles/sprout_counter.elf.dir/home/adonogt/hal/STM32CubeF1/Drivers/STM32F1xx_HAL_Driver/Src/stm32f1xx_hal_rcc.c.obj
 .debug_rnglists
                0x00000191       0x51 CMakeFiles/sprout_counter.elf.dir/home/adonogt/hal/STM32CubeF1/Drivers/STM32F1xx_HAL_Driver/Src/stm32f1xx_hal_gpio.c.obj
 .debug_rnglists
                0x000001e2       0xee CMakeFiles/sprout_counter.elf.dir/home/adonogt/hal/STM32CubeF1/Drivers/STM32F1xx_HAL_Driver/Src/stm32f1xx_hal_cortex.c.obj
 .debug_rnglists
                0x000002d0       0x31 CMakeFiles/sprout_counter.elf.dir/apps/drivers/src/drv_gpio.c.obj
 .debug_rnglists
                0x00000301       0x23 CMakeFiles/sprout_counter.elf.dir/apps/setup/src/app_setup.c.obj
 .debug_rnglists
                0x00000324       0x13 CMakeFiles/sprout_counter.elf.dir/apps/main.c.obj
 .debug_rnglists
                0x00000337       0x13 /usr/lib/gcc/arm-none-eabi/14.2.0/../../../../arm-none-eabi/lib/libc.a(libc_a-atexit.o)
 .debug_rnglists
                0x0000034a       0x14 /usr/lib/gcc/arm-none-eabi/14.2.0/../../../../arm-none-eabi/lib/libc.a(libc_a-init.o)
 .debug_rnglists
                0x0000035e       0x13 /usr/lib/gcc/arm-none-eabi/14.2.0/../../../../arm-none-eabi/lib/libc.a(libc_a-fini.o)
 .debug_rnglists
                0x00000371       0x49 /usr/lib/gcc/arm-none-eabi/14.2.0/../../../../arm-none-eabi/lib/libc.a(libc_a-lock.o)
 .debug_rnglists
                0x000003ba       0x14 /usr/lib/gcc/arm-none-eabi/14.2.0/../../../../arm-none-eabi/lib/libc.a(libc_a-__atexit.o)
 .debug_rnglists
                0x000003ce       0x4d /usr/lib/gcc/arm-none-eabi/14.2.0/../../../../arm-none-eabi/lib/libc.a(libc_a-__call_atexit.o)

.debug_loclists
                0x00000000     0x11a0
 .debug_loclists
                0x00000000       0x9f CMakeFiles/sprout_counter.elf.dir/home/adonogt/hal/STM32CubeF1/Drivers/CMSIS/Device/ST/STM32F1xx/Source/Templates/system_stm32f1xx.c.obj
 .debug_loclists
                0x0000009f       0xf4 CMakeFiles/sprout_counter.elf.dir/home/adonogt/hal/STM32CubeF1/Drivers/STM32F1xx_HAL_Driver/Src/stm32f1xx_hal.c.obj
 .debug_loclists
                0x00000193      0x3db CMakeFiles/sprout_counter.elf.dir/home/adonogt/hal/STM32CubeF1/Drivers/STM32F1xx_HAL_Driver/Src/stm32f1xx_hal_rcc.c.obj
 .debug_loclists
                0x0000056e      0x355 CMakeFiles/sprout_counter.elf.dir/home/adonogt/hal/STM32CubeF1/Drivers/STM32F1xx_HAL_Driver/Src/stm32f1xx_hal_gpio.c.obj
 .debug_loclists
                0x000008c3      0x580 CMakeFiles/sprout_counter.elf.dir/home/adonogt/hal/STM32CubeF1/Drivers/STM32F1xx_HAL_Driver/Src/stm32f1xx_hal_cortex.c.obj
 .debug_loclists
                0x00000e43       0x46 CMakeFiles/sprout_counter.elf.dir/apps/drivers/src/drv_gpio.c.obj
 .debug_loclists
                0x00000e89       0x30 /usr/lib/gcc/arm-none-eabi/14.2.0/../../../../arm-none-eabi/lib/libc.a(libc_a-atexit.o)
 .debug_loclists
                0x00000eb9       0x6f /usr/lib/gcc/arm-none-eabi/14.2.0/../../../../arm-none-eabi/lib/libc.a(libc_a-init.o)
 .debug_loclists
                0x00000f28       0x4c /usr/lib/gcc/arm-none-eabi/14.2.0/../../../../arm-none-eabi/lib/libc.a(libc_a-fini.o)
 .debug_loclists
                0x00000f74       0x29 /usr/lib/gcc/arm-none-eabi/14.2.0/../../../../arm-none-eabi/lib/libc.a(libc_a-lock.o)
 .debug_loclists
                0x00000f9d       0xf1 /usr/lib/gcc/arm-none-eabi/14.2.0/../../../../arm-none-eabi/lib/libc.a(libc_a-__atexit.o)
 .debug_loclists
                0x0000108e      0x112 /usr/lib/gcc/arm-none-eabi/14.2.0/../../../../arm-none-eabi/lib/libc.a(libc_a-__call_atexit.o)

.debug_macro    0x00000000    0x1539e
 .debug_macro   0x00000000      0x157 CMakeFiles/sprout_counter.elf.dir/home/adonogt/hal/STM32CubeF1/Drivers/CMSIS/Device/ST/STM32F1xx/Source/Templates/system_stm32f1xx.c.obj
 .debug_macro   0x00000157      0xacc CMakeFiles/sprout_counter.elf.dir/home/adonogt/hal/STM32CubeF1/Drivers/CMSIS/Device/ST/STM32F1xx/Source/Templates/system_stm32f1xx.c.obj
 .debug_macro   0x00000c23       0x2e CMakeFiles/sprout_counter.elf.dir/home/adonogt/hal/STM32CubeF1/Drivers/CMSIS/Device/ST/STM32F1xx/Source/Templates/system_stm32f1xx.c.obj
 .debug_macro   0x00000c51       0x22 CMakeFiles/sprout_counter.elf.dir/home/adonogt/hal/STM32CubeF1/Drivers/CMSIS/Device/ST/STM32F1xx/Source/Templates/system_stm32f1xx.c.obj
 .debug_macro   0x00000c73       0x22 CMakeFiles/sprout_counter.elf.dir/home/adonogt/hal/STM32CubeF1/Drivers/CMSIS/Device/ST/STM32F1xx/Source/Templates/system_stm32f1xx.c.obj
 .debug_macro   0x00000c95       0x8e CMakeFiles/sprout_counter.elf.dir/home/adonogt/hal/STM32CubeF1/Drivers/CMSIS/Device/ST/STM32F1xx/Source/Templates/system_stm32f1xx.c.obj
 .debug_macro   0x00000d23       0x51 CMakeFiles/sprout_counter.elf.dir/home/adonogt/hal/STM32CubeF1/Drivers/CMSIS/Device/ST/STM32F1xx/Source/Templates/system_stm32f1xx.c.obj
 .debug_macro   0x00000d74      0x103 CMakeFiles/sprout_counter.elf.dir/home/adonogt/hal/STM32CubeF1/Drivers/CMSIS/Device/ST/STM32F1xx/Source/Templates/system_stm32f1xx.c.obj
 .debug_macro   0x00000e77       0x6a CMakeFiles/sprout_counter.elf.dir/home/adonogt/hal/STM32CubeF1/Drivers/CMSIS/Device/ST/STM32F1xx/Source/Templates/system_stm32f1xx.c.obj
 .debug_macro   0x00000ee1      0x1df CMakeFiles/sprout_counter.elf.dir/home/adonogt/hal/STM32CubeF1/Drivers/CMSIS/Device/ST/STM32F1xx/Source/Templates/system_stm32f1xx.c.obj
 .debug_macro   0x000010c0       0x1c CMakeFiles/sprout_counter.elf.dir/home/adonogt/hal/STM32CubeF1/Drivers/CMSIS/Device/ST/STM32F1xx/Source/Templates/system_stm32f1xx.c.obj
 .debug_macro   0x000010dc       0x22 CMakeFiles/sprout_counter.elf.dir/home/adonogt/hal/STM32CubeF1/Drivers/CMSIS/Device/ST/STM32F1xx/Source/Templates/system_stm32f1xx.c.obj
 .debug_macro   0x000010fe       0xbd CMakeFiles/sprout_counter.elf.dir/home/adonogt/hal/STM32CubeF1/Drivers/CMSIS/Device/ST/STM32F1xx/Source/Templates/system_stm32f1xx.c.obj
 .debug_macro   0x000011bb      0xd23 CMakeFiles/sprout_counter.elf.dir/home/adonogt/hal/STM32CubeF1/Drivers/CMSIS/Device/ST/STM32F1xx/Source/Templates/system_stm32f1xx.c.obj
 .debug_macro   0x00001ede     0xe09e CMakeFiles/sprout_counter.elf.dir/home/adonogt/hal/STM32CubeF1/Drivers/CMSIS/Device/ST/STM32F1xx/Source/Templates/system_stm32f1xx.c.obj
 .debug_macro   0x0000ff7c       0x6d CMakeFiles/sprout_counter.elf.dir/home/adonogt/hal/STM32CubeF1/Drivers/CMSIS/Device/ST/STM32F1xx/Source/Templates/system_stm32f1xx.c.obj
 .debug_macro   0x0000ffe9      0x224 CMakeFiles/sprout_counter.elf.dir/home/adonogt/hal/STM32CubeF1/Drivers/CMSIS/Device/ST/STM32F1xx/Source/Templates/system_stm32f1xx.c.obj
 .debug_macro   0x0001020d     0x34a2 CMakeFiles/sprout_counter.elf.dir/home/adonogt/hal/STM32CubeF1/Drivers/CMSIS/Device/ST/STM32F1xx/Source/Templates/system_stm32f1xx.c.obj
 .debug_macro   0x000136af      0x190 CMakeFiles/sprout_counter.elf.dir/home/adonogt/hal/STM32CubeF1/Drivers/CMSIS/Device/ST/STM32F1xx/Source/Templates/system_stm32f1xx.c.obj
 .debug_macro   0x0001383f       0x5c CMakeFiles/sprout_counter.elf.dir/home/adonogt/hal/STM32CubeF1/Drivers/CMSIS/Device/ST/STM32F1xx/Source/Templates/system_stm32f1xx.c.obj
 .debug_macro   0x0001389b      0x5bc CMakeFiles/sprout_counter.elf.dir/home/adonogt/hal/STM32CubeF1/Drivers/CMSIS/Device/ST/STM32F1xx/Source/Templates/system_stm32f1xx.c.obj
 .debug_macro   0x00013e57      0x289 CMakeFiles/sprout_counter.elf.dir/home/adonogt/hal/STM32CubeF1/Drivers/CMSIS/Device/ST/STM32F1xx/Source/Templates/system_stm32f1xx.c.obj
 .debug_macro   0x000140e0      0x1cb CMakeFiles/sprout_counter.elf.dir/home/adonogt/hal/STM32CubeF1/Drivers/CMSIS/Device/ST/STM32F1xx/Source/Templates/system_stm32f1xx.c.obj
 .debug_macro   0x000142ab      0x114 CMakeFiles/sprout_counter.elf.dir/home/adonogt/hal/STM32CubeF1/Drivers/CMSIS/Device/ST/STM32F1xx/Source/Templates/system_stm32f1xx.c.obj
 .debug_macro   0x000143bf      0x1b2 CMakeFiles/sprout_counter.elf.dir/home/adonogt/hal/STM32CubeF1/Drivers/CMSIS/Device/ST/STM32F1xx/Source/Templates/system_stm32f1xx.c.obj
 .debug_macro   0x00014571       0x27 CMakeFiles/sprout_counter.elf.dir/home/adonogt/hal/STM32CubeF1/Drivers/CMSIS/Device/ST/STM32F1xx/Source/Templates/system_stm32f1xx.c.obj
 .debug_macro   0x00014598       0x57 CMakeFiles/sprout_counter.elf.dir/home/adonogt/hal/STM32CubeF1/Drivers/CMSIS/Device/ST/STM32F1xx/Source/Templates/system_stm32f1xx.c.obj
 .debug_macro   0x000145ef       0x87 CMakeFiles/sprout_counter.elf.dir/home/adonogt/hal/STM32CubeF1/Drivers/CMSIS/Device/ST/STM32F1xx/Source/Templates/system_stm32f1xx.c.obj
 .debug_macro   0x00014676      0x240 CMakeFiles/sprout_counter.elf.dir/home/adonogt/hal/STM32CubeF1/Drivers/CMSIS/Device/ST/STM32F1xx/Source/Templates/system_stm32f1xx.c.obj
 .debug_macro   0x000148b6       0x83 CMakeFiles/sprout_counter.elf.dir/home/adonogt/hal/STM32CubeF1/Drivers/CMSIS/Device/ST/STM32F1xx/Source/Templates/system_stm32f1xx.c.obj
 .debug_macro   0x00014939      0x17b CMakeFiles/sprout_counter.elf.dir/home/adonogt/hal/STM32CubeF1/Drivers/STM32F1xx_HAL_Driver/Src/stm32f1xx_hal.c.obj
 .debug_macro   0x00014ab4      0x169 CMakeFiles/sprout_counter.elf.dir/home/adonogt/hal/STM32CubeF1/Drivers/STM32F1xx_HAL_Driver/Src/stm32f1xx_hal_rcc.c.obj
 .debug_macro   0x00014c1d      0x1c2 CMakeFiles/sprout_counter.elf.dir/home/adonogt/hal/STM32CubeF1/Drivers/STM32F1xx_HAL_Driver/Src/stm32f1xx_hal_gpio.c.obj
 .debug_macro   0x00014ddf      0x157 CMakeFiles/sprout_counter.elf.dir/home/adonogt/hal/STM32CubeF1/Drivers/STM32F1xx_HAL_Driver/Src/stm32f1xx_hal_cortex.c.obj
 .debug_macro   0x00014f36      0x16a CMakeFiles/sprout_counter.elf.dir/apps/drivers/src/drv_gpio.c.obj
 .debug_macro   0x000150a0       0x16 CMakeFiles/sprout_counter.elf.dir/apps/drivers/src/drv_gpio.c.obj
 .debug_macro   0x000150b6      0x174 CMakeFiles/sprout_counter.elf.dir/apps/setup/src/app_setup.c.obj
 .debug_macro   0x0001522a      0x174 CMakeFiles/sprout_counter.elf.dir/apps/main.c.obj

.comment        0x00000000       0x1e
 .comment       0x00000000       0x1e CMakeFiles/sprout_counter.elf.dir/home/adonogt/hal/STM32CubeF1/Drivers/CMSIS/Device/ST/STM32F1xx/Source/Templates/system_stm32f1xx.c.obj
                                 0x1f (size before relaxing)
 .comment       0x0000001e       0x1f CMakeFiles/sprout_counter.elf.dir/home/adonogt/hal/STM32CubeF1/Drivers/STM32F1xx_HAL_Driver/Src/stm32f1xx_hal.c.obj
 .comment       0x0000001e       0x1f CMakeFiles/sprout_counter.elf.dir/home/adonogt/hal/STM32CubeF1/Drivers/STM32F1xx_HAL_Driver/Src/stm32f1xx_hal_rcc.c.obj
 .comment       0x0000001e       0x1f CMakeFiles/sprout_counter.elf.dir/home/adonogt/hal/STM32CubeF1/Drivers/STM32F1xx_HAL_Driver/Src/stm32f1xx_hal_gpio.c.obj
 .comment       0x0000001e       0x1f CMakeFiles/sprout_counter.elf.dir/home/adonogt/hal/STM32CubeF1/Drivers/STM32F1xx_HAL_Driver/Src/stm32f1xx_hal_cortex.c.obj
 .comment       0x0000001e       0x1f CMakeFiles/sprout_counter.elf.dir/apps/drivers/src/drv_gpio.c.obj
 .comment       0x0000001e       0x1f CMakeFiles/sprout_counter.elf.dir/apps/setup/src/app_setup.c.obj
 .comment       0x0000001e       0x1f CMakeFiles/sprout_counter.elf.dir/apps/main.c.obj
 .comment       0x0000001e       0x1f /usr/lib/gcc/arm-none-eabi/14.2.0/../../../../arm-none-eabi/lib/libc.a(libc_a-atexit.o)
 .comment       0x0000001e       0x1f /usr/lib/gcc/arm-none-eabi/14.2.0/../../../../arm-none-eabi/lib/libc.a(libc_a-init.o)
 .comment       0x0000001e       0x1f /usr/lib/gcc/arm-none-eabi/14.2.0/../../../../arm-none-eabi/lib/libc.a(libc_a-fini.o)
 .comment       0x0000001e       0x1f /usr/lib/gcc/arm-none-eabi/14.2.0/../../../../arm-none-eabi/lib/libc.a(libc_a-lock.o)
 .comment       0x0000001e       0x1f /usr/lib/gcc/arm-none-eabi/14.2.0/../../../../arm-none-eabi/lib/libc.a(libc_a-__atexit.o)
 .comment       0x0000001e       0x1f /usr/lib/gcc/arm-none-eabi/14.2.0/../../../../arm-none-eabi/lib/libc.a(libc_a-__call_atexit.o)

.debug_frame    0x00000000      0x82c
 .debug_frame   0x00000000       0x30 CMakeFiles/sprout_counter.elf.dir/home/adonogt/hal/STM32CubeF1/Drivers/CMSIS/Device/ST/STM32F1xx/Source/Templates/system_stm32f1xx.c.obj
 .debug_frame   0x00000030      0x1d4 CMakeFiles/sprout_counter.elf.dir/home/adonogt/hal/STM32CubeF1/Drivers/STM32F1xx_HAL_Driver/Src/stm32f1xx_hal.c.obj
 .debug_frame   0x00000204      0x190 CMakeFiles/sprout_counter.elf.dir/home/adonogt/hal/STM32CubeF1/Drivers/STM32F1xx_HAL_Driver/Src/stm32f1xx_hal_rcc.c.obj
 .debug_frame   0x00000394       0xec CMakeFiles/sprout_counter.elf.dir/home/adonogt/hal/STM32CubeF1/Drivers/STM32F1xx_HAL_Driver/Src/stm32f1xx_hal_gpio.c.obj
 .debug_frame   0x00000480      0x128 CMakeFiles/sprout_counter.elf.dir/home/adonogt/hal/STM32CubeF1/Drivers/STM32F1xx_HAL_Driver/Src/stm32f1xx_hal_cortex.c.obj
 .debug_frame   0x000005a8       0x40 CMakeFiles/sprout_counter.elf.dir/apps/drivers/src/drv_gpio.c.obj
 .debug_frame   0x000005e8       0x34 CMakeFiles/sprout_counter.elf.dir/apps/setup/src/app_setup.c.obj
 .debug_frame   0x0000061c       0x28 CMakeFiles/sprout_counter.elf.dir/apps/main.c.obj
 .debug_frame   0x00000644       0x2c /usr/lib/gcc/arm-none-eabi/14.2.0/../../../../arm-none-eabi/lib/libc.a(libc_a-atexit.o)
 .debug_frame   0x00000670       0x34 /usr/lib/gcc/arm-none-eabi/14.2.0/../../../../arm-none-eabi/lib/libc.a(libc_a-init.o)
 .debug_frame   0x000006a4       0x34 /usr/lib/gcc/arm-none-eabi/14.2.0/../../../../arm-none-eabi/lib/libc.a(libc_a-fini.o)
 .debug_frame   0x000006d8       0xb0 /usr/lib/gcc/arm-none-eabi/14.2.0/../../../../arm-none-eabi/lib/libc.a(libc_a-lock.o)
 .debug_frame   0x00000788       0x3c /usr/lib/gcc/arm-none-eabi/14.2.0/../../../../arm-none-eabi/lib/libc.a(libc_a-__atexit.o)
 .debug_frame   0x000007c4       0x68 /usr/lib/gcc/arm-none-eabi/14.2.0/../../../../arm-none-eabi/lib/libc.a(libc_a-__call_atexit.o)
